[INFO] Scanning for projects...
[INFO] 
[INFO] --------------------< com.scott.tech.mud:mud-game >---------------------
[INFO] Building mud-game 0.0.1-SNAPSHOT
[INFO]   from pom.xml
[INFO] --------------------------------[ jar ]---------------------------------
[INFO] 
[INFO] --- clean:3.4.1:clean (default-clean) @ mud-game ---
[INFO] 
[INFO] --- jacoco:0.8.12:prepare-agent (prepare-agent) @ mud-game ---
[INFO] argLine set to -javaagent:C:\\Users\\rksco\\.m2\\repository\\org\\jacoco\\org.jacoco.agent\\0.8.12\\org.jacoco.agent-0.8.12-runtime.jar=destfile=C:\\Users\\rksco\\OneDrive\\Desktop\\mud-game\\mud-game\\target\\jacoco.exec
[INFO] 
[INFO] --- frontend:1.15.0:install-node-and-npm (install-node-and-npm) @ mud-game ---
[INFO] Node v24.11.1 is already installed.
[INFO] 
[INFO] --- frontend:1.15.0:npm (npm-install) @ mud-game ---
[INFO] Running 'npm install' in C:\Users\rksco\OneDrive\Desktop\mud-game\mud-game\front-end
[INFO] 
[INFO] up to date, audited 472 packages in 893ms
[INFO] 
[INFO] 109 packages are looking for funding
[INFO]   run `npm fund` for details
[INFO] 
[INFO] found 0 vulnerabilities
[INFO] 
[INFO] --- frontend:1.15.0:npm (npm-build) @ mud-game ---
[INFO] Running 'npm run build' in C:\Users\rksco\OneDrive\Desktop\mud-game\mud-game\front-end
[INFO] 
[INFO] > mud-game-ui@0.0.0 build
[INFO] > ng build
[INFO] 
[INFO] ? Building...
[INFO] ? Building...
[INFO] Initial chunk files | Names         |  Raw size | Estimated transfer size
[INFO] main-ZVOHSFZU.js    | main          | 220.87 kB |                59.46 kB
[INFO] styles-F46RNAHB.css | styles        |   1.27 kB |               517 bytes
[INFO] 
[INFO]                     | Initial total | 222.14 kB |                59.97 kB
[INFO] 
[INFO] Application bundle generation complete. [1.907 seconds] - 2026-03-10T00:04:34.683Z
[INFO] 
[INFO] ? [WARNING] src/app/components/inventory/inventory.component.scss exceeded maximum budget. Budget 4.00 kB was not met by 953 bytes with a total of 4.95 kB.
[INFO] 
[INFO] 
[INFO] ? [WARNING] src/app/components/terminal/terminal.component.scss exceeded maximum budget. Budget 4.00 kB was not met by 915 bytes with a total of 4.92 kB.
[INFO] 
[INFO] 
[INFO] Output location: C:\Users\rksco\OneDrive\Desktop\mud-game\mud-game\src\main\resources\static
[INFO] 
[INFO] 
[INFO] --- resources:3.3.1:resources (default-resources) @ mud-game ---
[INFO] Copying 1 resource from src\main\resources to target\classes
[INFO] Copying 21 resources from src\main\resources to target\classes
[INFO] 
[INFO] --- compiler:3.14.1:compile (default-compile) @ mud-game ---
[INFO] Recompiling the module because of changed source code.
[INFO] Compiling 81 source files with javac [debug parameters release 21] to target\classes
[INFO] 
[INFO] --- resources:3.3.1:testResources (default-testResources) @ mud-game ---
[INFO] Copying 2 resources from src\test\resources to target\test-classes
[INFO] 
[INFO] --- compiler:3.14.1:testCompile (default-testCompile) @ mud-game ---
[INFO] Recompiling the module because of changed dependency.
[INFO] Compiling 20 source files with javac [debug parameters release 21] to target\test-classes
[INFO] 
[INFO] --- surefire:3.5.4:test (default-test) @ mud-game ---
[INFO] Using auto detected provider org.apache.maven.surefire.junitplatform.JUnitPlatformProvider
[INFO] 
[INFO] -------------------------------------------------------
[INFO]  T E S T S
[INFO] -------------------------------------------------------
[INFO] Running com.scott.tech.mud.mud_game.auth.AccountStoreTest
00:04:43.180 [main] INFO com.scott.tech.mud.mud_game.auth.AccountStore -- New account created: 'alice'
00:04:44.089 [main] INFO com.scott.tech.mud.mud_game.config.Messages -- Loaded 111 messages from messages.json
00:04:44.090 [main] WARN com.scott.tech.mud.mud_game.auth.AccountStore -- Account 'alice' locked until 2026-03-10T00:05:44.089589200Z after 5 failed attempts.
[INFO] Tests run: 8, Failures: 0, Errors: 0, Skipped: 0, Time elapsed: 2.751 s -- in com.scott.tech.mud.mud_game.auth.AccountStoreTest
[INFO] Running com.scott.tech.mud.mud_game.auth.LoginHandlerTest
[INFO] Tests run: 10, Failures: 0, Errors: 0, Skipped: 0, Time elapsed: 0.589 s -- in com.scott.tech.mud.mud_game.auth.LoginHandlerTest
[INFO] Running com.scott.tech.mud.mud_game.command.CommandFactoryTest
[INFO] Tests run: 10, Failures: 0, Errors: 0, Skipped: 0, Time elapsed: 0.285 s -- in com.scott.tech.mud.mud_game.command.CommandFactoryTest
[INFO] Running com.scott.tech.mud.mud_game.command.DeleteInventoryItemCommandTest
[INFO] Tests run: 2, Failures: 0, Errors: 0, Skipped: 0, Time elapsed: 0.017 s -- in com.scott.tech.mud.mud_game.command.DeleteInventoryItemCommandTest
[INFO] Running com.scott.tech.mud.mud_game.command.HelpCommandTest
[INFO] Tests run: 2, Failures: 0, Errors: 0, Skipped: 0, Time elapsed: 0.005 s -- in com.scott.tech.mud.mud_game.command.HelpCommandTest
[INFO] Running com.scott.tech.mud.mud_game.command.KickCommandTest
[INFO] Tests run: 4, Failures: 0, Errors: 0, Skipped: 0, Time elapsed: 0.011 s -- in com.scott.tech.mud.mud_game.command.KickCommandTest
[INFO] Running com.scott.tech.mud.mud_game.command.LookCommandTest
[INFO] Tests run: 20, Failures: 0, Errors: 0, Skipped: 0, Time elapsed: 0.157 s -- in com.scott.tech.mud.mud_game.command.LookCommandTest
[INFO] Running com.scott.tech.mud.mud_game.command.NaturalLanguageInputTest
[INFO] Tests run: 51, Failures: 0, Errors: 0, Skipped: 0, Time elapsed: 0.117 s -- in com.scott.tech.mud.mud_game.command.NaturalLanguageInputTest
[INFO] Running com.scott.tech.mud.mud_game.command.Pickup.PickupValidatorTest
[INFO] Tests run: 2, Failures: 0, Errors: 0, Skipped: 0, Time elapsed: 0.006 s -- in com.scott.tech.mud.mud_game.command.Pickup.PickupValidatorTest
[INFO] Running com.scott.tech.mud.mud_game.command.SummonCommandTest
[INFO] Tests run: 5, Failures: 0, Errors: 0, Skipped: 0, Time elapsed: 0.016 s -- in com.scott.tech.mud.mud_game.command.SummonCommandTest
[INFO] Running com.scott.tech.mud.mud_game.command.TalkCommandTest
[INFO] Tests run: 16, Failures: 0, Errors: 0, Skipped: 0, Time elapsed: 0.135 s -- in com.scott.tech.mud.mud_game.command.TalkCommandTest
[INFO] Running com.scott.tech.mud.mud_game.command.TeleportCommandTest
[INFO] Tests run: 2, Failures: 0, Errors: 0, Skipped: 0, Time elapsed: 0.011 s -- in com.scott.tech.mud.mud_game.command.TeleportCommandTest
[INFO] Running com.scott.tech.mud.mud_game.config.DatabaseUrlPostProcessorTest
[DatabaseUrlPostProcessor] Parsing DATABASE_URL
[DatabaseUrlPostProcessor] Parsing DATABASE_URL
[DatabaseUrlPostProcessor] DATABASE_URL not set, skipping
[DatabaseUrlPostProcessor] Parsing DATABASE_URL
[INFO] Tests run: 4, Failures: 0, Errors: 0, Skipped: 0, Time elapsed: 0.036 s -- in com.scott.tech.mud.mud_game.config.DatabaseUrlPostProcessorTest
[INFO] Running com.scott.tech.mud.mud_game.engine.GameEngineTest
[INFO] Tests run: 4, Failures: 0, Errors: 0, Skipped: 0, Time elapsed: 0.088 s -- in com.scott.tech.mud.mud_game.engine.GameEngineTest
[INFO] Running com.scott.tech.mud.mud_game.model.ItemTest
[INFO] Tests run: 3, Failures: 0, Errors: 0, Skipped: 0, Time elapsed: 0.002 s -- in com.scott.tech.mud.mud_game.model.ItemTest
[INFO] Running com.scott.tech.mud.mud_game.model.PlayerTest
[INFO] Tests run: 3, Failures: 0, Errors: 0, Skipped: 0, Time elapsed: 0.003 s -- in com.scott.tech.mud.mud_game.model.PlayerTest
[INFO] Running com.scott.tech.mud.mud_game.MudGameApplicationTests
00:04:46.035 [main] INFO org.springframework.test.context.support.AnnotationConfigContextLoaderUtils -- Could not detect default configuration classes for test class [com.scott.tech.mud.mud_game.MudGameApplicationTests]: MudGameApplicationTests does not declare any static, non-private, non-final, nested classes annotated with @Configuration.
00:04:46.269 [main] INFO org.springframework.boot.test.context.SpringBootTestContextBootstrapper -- Found @SpringBootConfiguration com.scott.tech.mud.mud_game.MudGameApplication for test class com.scott.tech.mud.mud_game.MudGameApplicationTests
00:04:46.667 [main] INFO org.springframework.boot.devtools.restart.RestartApplicationListener -- Restart disabled due to context in which it is running
[DatabaseUrlPostProcessor] DATABASE_URL not set, skipping

  .   ____          _            __ _ _
 /\\ / ___'_ __ _ _(_)_ __  __ _ \ \ \ \
( ( )\___ | '_ | '_| | '_ \/ _` | \ \ \ \
 \\/  ___)| |_)| | | | | || (_| |  ) ) ) )
  '  |____| .__|_| |_|_| |_\__, | / / / /
 =========|_|==============|___/=/_/_/_/

 :: Spring Boot ::               (v3.5.11)

2026-03-10T00:04:47.326Z  INFO 50968 --- [           main] c.s.t.m.m.MudGameApplicationTests        : Starting MudGameApplicationTests using Java 21.0.10 with PID 50968 (started by rksco in C:\Users\rksco\OneDrive\Desktop\mud-game\mud-game)
2026-03-10T00:04:47.328Z  INFO 50968 --- [           main] c.s.t.m.m.MudGameApplicationTests        : The following 1 profile is active: "test"
2026-03-10T00:04:48.464Z  INFO 50968 --- [           main] .s.d.r.c.RepositoryConfigurationDelegate : Bootstrapping Spring Data JPA repositories in DEFAULT mode.
2026-03-10T00:04:48.639Z  INFO 50968 --- [           main] .s.d.r.c.RepositoryConfigurationDelegate : Finished Spring Data repository scanning in 160 ms. Found 5 JPA repository interfaces.
2026-03-10T00:04:49.338Z  INFO 50968 --- [           main] com.zaxxer.hikari.HikariDataSource       : HikariPool-1 - Starting...
2026-03-10T00:04:49.657Z  INFO 50968 --- [           main] com.zaxxer.hikari.pool.HikariPool        : HikariPool-1 - Added connection conn0: url=jdbc:h2:mem:testdb user=SA
2026-03-10T00:04:49.660Z  INFO 50968 --- [           main] com.zaxxer.hikari.HikariDataSource       : HikariPool-1 - Start completed.
2026-03-10T00:04:49.725Z  INFO 50968 --- [           main] org.flywaydb.core.FlywayExecutor         : Database: jdbc:h2:mem:testdb (H2 2.3)
2026-03-10T00:04:49.756Z  INFO 50968 --- [           main] o.f.c.i.s.JdbcTableSchemaHistory         : Schema history table "PUBLIC"."flyway_schema_history" does not exist yet
2026-03-10T00:04:49.760Z  INFO 50968 --- [           main] o.f.core.internal.command.DbValidate     : Successfully validated 6 migrations (execution time 00:00.017s)
2026-03-10T00:04:49.768Z  INFO 50968 --- [           main] o.f.c.i.s.JdbcTableSchemaHistory         : Creating Schema History table "PUBLIC"."flyway_schema_history" ...
2026-03-10T00:04:49.797Z  INFO 50968 --- [           main] o.f.core.internal.command.DbMigrate      : Current version of schema "PUBLIC": << Empty Schema >>
2026-03-10T00:04:49.806Z  INFO 50968 --- [           main] o.f.core.internal.command.DbMigrate      : Migrating schema "PUBLIC" to version "1 - create schema"
2026-03-10T00:04:49.825Z  INFO 50968 --- [           main] o.f.core.internal.command.DbMigrate      : Migrating schema "PUBLIC" to version "2 - add player level title"
2026-03-10T00:04:49.839Z  INFO 50968 --- [           main] o.f.core.internal.command.DbMigrate      : Migrating schema "PUBLIC" to version "3 - create discovered exits"
2026-03-10T00:04:49.844Z  INFO 50968 --- [           main] o.f.core.internal.command.DbMigrate      : Migrating schema "PUBLIC" to version "4 - add is god"
2026-03-10T00:04:49.856Z  INFO 50968 --- [           main] o.f.core.internal.command.DbMigrate      : Migrating schema "PUBLIC" to version "5 - add character creation fields"
2026-03-10T00:04:49.882Z  INFO 50968 --- [           main] o.f.core.internal.command.DbMigrate      : Migrating schema "PUBLIC" to version "6 - add player stats"
2026-03-10T00:04:49.905Z  INFO 50968 --- [           main] o.f.core.internal.command.DbMigrate      : Successfully applied 6 migrations to schema "PUBLIC", now at version v6 (execution time 00:00.066s)
2026-03-10T00:04:50.048Z  INFO 50968 --- [           main] o.hibernate.jpa.internal.util.LogHelper  : HHH000204: Processing PersistenceUnitInfo [name: default]
2026-03-10T00:04:50.122Z  INFO 50968 --- [           main] org.hibernate.Version                    : HHH000412: Hibernate ORM core version 6.6.42.Final
2026-03-10T00:04:50.166Z  INFO 50968 --- [           main] o.h.c.internal.RegionFactoryInitiator    : HHH000026: Second-level cache disabled
2026-03-10T00:04:50.337Z  INFO 50968 --- [           main] o.s.o.j.p.SpringPersistenceUnitInfo      : No LoadTimeWeaver setup: ignoring JPA class transformer
2026-03-10T00:04:50.388Z  WARN 50968 --- [           main] org.hibernate.orm.deprecation            : HHH90000025: H2Dialect does not need to be specified explicitly using 'hibernate.dialect' (remove the property setting and it will be selected by default)
2026-03-10T00:04:50.404Z  INFO 50968 --- [           main] org.hibernate.orm.connections.pooling    : HHH10001005: Database info:
	Database JDBC URL [Connecting through datasource 'HikariDataSource (HikariPool-1)']
	Database driver: undefined/unknown
	Database version: 2.3.232
	Autocommit mode: undefined/unknown
	Isolation level: undefined/unknown
	Minimum pool size: undefined/unknown
	Maximum pool size: undefined/unknown
2026-03-10T00:04:51.245Z  INFO 50968 --- [           main] o.h.e.t.j.p.i.JtaPlatformInitiator       : HHH000489: No JTA platform available (set 'hibernate.transaction.jta.platform' to enable JTA platform integration)
2026-03-10T00:04:51.248Z  INFO 50968 --- [           main] j.LocalContainerEntityManagerFactoryBean : Initialized JPA EntityManagerFactory for persistence unit 'default'
2026-03-10T00:04:52.160Z  INFO 50968 --- [           main] c.s.t.m.m.c.CharacterClassStatsRegistry  : Loaded 7 class stat profiles from world/class-stats.json
2026-03-10T00:04:52.172Z  INFO 50968 --- [           main] c.s.tech.mud.mud_game.config.Messages    : Loaded 111 messages from messages.json
2026-03-10T00:04:52.196Z  INFO 50968 --- [           main] c.s.tech.mud.mud_game.world.WorldLoader  : NPC registry loaded: 2 npcs
2026-03-10T00:04:52.208Z  INFO 50968 --- [           main] c.s.tech.mud.mud_game.world.WorldLoader  : Item registry loaded: 23 items
2026-03-10T00:04:52.215Z  INFO 50968 --- [           main] c.s.tech.mud.mud_game.world.WorldLoader  : World loaded: 11 rooms, starting at 'town_square'. 2 npcs, 23 items
2026-03-10T00:04:52.370Z  INFO 50968 --- [           main] c.s.t.m.m.event.NpcWanderScheduler       : NpcWanderScheduler: 'npc_dog_Obi' uses a defined path of 8 stops
2026-03-10T00:04:52.370Z  INFO 50968 --- [           main] c.s.t.m.m.event.NpcWanderScheduler       : NpcWanderScheduler: 'npc_dog_Obi' will first wander in 89s
2026-03-10T00:04:52.557Z  INFO 50968 --- [           main] o.s.b.a.w.s.WelcomePageHandlerMapping    : Adding welcome page: class path resource [static/index.html]
2026-03-10T00:04:52.878Z  INFO 50968 --- [           main] c.s.t.m.m.MudGameApplicationTests        : Started MudGameApplicationTests in 6.235 seconds (process running for 12.676)
[INFO] Tests run: 1, Failures: 0, Errors: 0, Skipped: 0, Time elapsed: 7.069 s -- in com.scott.tech.mud.mud_game.MudGameApplicationTests
[INFO] Running com.scott.tech.mud.mud_game.world.WorldDataConsistencyTest
[INFO] Tests run: 2, Failures: 0, Errors: 0, Skipped: 0, Time elapsed: 0.013 s -- in com.scott.tech.mud.mud_game.world.WorldDataConsistencyTest
[INFO] Running com.scott.tech.mud.mud_game.world.WorldLoaderTest
[INFO] Tests run: 9, Failures: 0, Errors: 0, Skipped: 0, Time elapsed: 0.027 s -- in com.scott.tech.mud.mud_game.world.WorldLoaderTest
[INFO] Running com.scott.tech.mud.mud_game.world.WorldServiceTest
2026-03-10T00:04:53.081Z  INFO 50968 --- [           main] c.s.t.mud.mud_game.world.WorldService    : Restored 1 NPC position(s) from database
[INFO] Tests run: 4, Failures: 0, Errors: 0, Skipped: 0, Time elapsed: 0.114 s -- in com.scott.tech.mud.mud_game.world.WorldServiceTest
[INFO] 
[INFO] Results:
[INFO] 
[INFO] Tests run: 162, Failures: 0, Errors: 0, Skipped: 0
[INFO] 
[INFO] 
[INFO] --- jacoco:0.8.12:report (report) @ mud-game ---
[INFO] Loading execution data file C:\Users\rksco\OneDrive\Desktop\mud-game\mud-game\target\jacoco.exec
[INFO] Analyzed bundle 'mud-game' with 98 classes
[INFO] ------------------------------------------------------------------------
[INFO] BUILD SUCCESS
[INFO] ------------------------------------------------------------------------
[INFO] Total time:  24.330 s
[INFO] Finished at: 2026-03-10T00:04:54Z
[INFO] ------------------------------------------------------------------------
